20:39:07 supervising project overnight-2026-09-07; engine healthy=True, 15.0 GiB available
20:39:07 state: run_90438ef53e92 planning (Writing 3 scripts…); run_3e1771520e2a planning (Writing 3 scripts…)
20:40:07 state: run_90438ef53e92 planning (Writing 3 scripts…); run_3e1771520e2a queued (Queued clip 1 of 3)
20:41:08 state: run_90438ef53e92 queued (Queued clip 1 of 3); run_3e1771520e2a queued (Queued clip 1 of 3)
20:43:08 state: run_90438ef53e92 queued (Queued clip 1 of 3); run_3e1771520e2a rendering (Rendering clip 1 of 3)
21:26:09 restarting the engine (1/8): run_3e1771520e2a paused: 15 GiB available, need 22; 15.2 GiB available
21:29:19 --- relaunch after BUG_014: both runs re-created at 832x480 ---
21:29:19 supervising project overnight-2026-09-07; engine healthy=False, 29.7 GiB available
21:29:19 state: run_8b6325e5c726 planning (Writing 3 scripts…); run_9b56240457f8 planning (Writing 3 scripts…)
21:32:19 state: run_8b6325e5c726 planning (Writing 3 scripts…); run_9b56240457f8 queued (Queued clip 1 of 3)
21:34:19 state: run_8b6325e5c726 queued (Queued clip 1 of 3); run_9b56240457f8 queued (Queued clip 1 of 3)
21:36:20 state: run_8b6325e5c726 queued (Queued clip 1 of 3); run_9b56240457f8 rendering (Rendering clip 1 of 3)
21:48:20 state: run_8b6325e5c726 queued (Queued clip 1 of 3); run_9b56240457f8 queued (Queued clip 2 of 3)
21:51:20 state: run_8b6325e5c726 queued (Queued clip 1 of 3); run_9b56240457f8 rendering (Rendering clip 2 of 3)
22:09:21 state: run_8b6325e5c726 queued (Queued clip 1 of 3); run_9b56240457f8 queued (Queued clip 3 of 3)
22:12:21 state: run_8b6325e5c726 queued (Queued clip 1 of 3); run_9b56240457f8 rendering (Rendering clip 3 of 3)
22:30:21 restarting the engine (1/8): run_8b6325e5c726 paused: 22 GiB available, need 22; 21.8 GiB available
22:35:19 restart: engine healthy after 285 s, 12.6 GiB available
22:35:39 run_8b6325e5c726: resumed (1/5) -> queued | Queued clip 1 of 3
22:35:44 run_9b56240457f8: stitched 3 clips -> run_9b56240457f8_full.mp4 (30.146000 s) — '🚿 Sculpted in the Rain 🌊'
22:35:44 state: run_8b6325e5c726 paused (Paused: 22 GiB available, need 22); run_9b56240457f8 done (Done)
22:36:44 state: run_8b6325e5c726 queued (Queued clip 1 of 3); run_9b56240457f8 done (Done)
22:38:44 state: run_8b6325e5c726 rendering (Rendering clip 1 of 3); run_9b56240457f8 done (Done)
22:51:44 state: run_8b6325e5c726 queued (Queued clip 2 of 3); run_9b56240457f8 done (Done)
22:56:44 state: run_8b6325e5c726 rendering (Rendering clip 2 of 3); run_9b56240457f8 done (Done)
23:13:45 state: run_8b6325e5c726 queued (Queued clip 3 of 3); run_9b56240457f8 done (Done)
23:17:45 state: run_8b6325e5c726 rendering (Rendering clip 3 of 3); run_9b56240457f8 done (Done)
23:35:48 run_8b6325e5c726: stitched 3 clips -> run_8b6325e5c726_full.mp4 (30.146000 s) — '🏞️ Golden Hour Physique Display 🏔️'
23:35:48 state: run_8b6325e5c726 done (Done); run_9b56240457f8 done (Done)
23:35:48 every run is done and stitched; supervisor exiting
23:35:48 supervisor finished
